[slyesn.wordpress.com/index.html]
[backblue.gif]
[fade.gif]
[index.html]
[slyesn.wordpress.com/xmlrpc0db0.php]
[slyesn.wordpress.com/osd.xml]
[slyesn.wordpress.com/feed/index.html]
[slyesn.wordpress.com/comments/feed/index.html]
[slyesn.wordpress.com/wp-content/uploads/2019/02/cropped-50663847_604785506620357_4668497161464315904_n76ca.jpg]
[slyesn.wordpress.com/wp-content/uploads/2019/02/cropped-50663847_604785506620357_4668497161464315904_n9939.jpg]
[slyesn.wordpress.com/wp-content/uploads/2019/02/cropped-50663847_604785506620357_4668497161464315904_nad83.jpg]
[slyesn.wordpress.com/wp-content/uploads/2019/02/50663847_604785506620357_4668497161464315904_n.jpg]
[slyesn.wordpress.com/wp-content/uploads/2019/03/backgroundcf9c.png]
[slyesn.wordpress.com/2018/06/09/購物網站折扣碼/index.html]
[slyesn.wordpress.com/2019/02/10/unboxing/index.html]
[slyesn.wordpress.com/簡介/index.html]
[slyesn.wordpress.com/聯絡/index.html]
[slyesn.wordpress.com/author/slyesn/index.html]
[slyesn.wordpress.com/2019/03/03/stussy-新品上架/index.html]
[slyesn.wordpress.com/wp-content/uploads/2024/09/image2dff.png]
[slyesn.wordpress.com/wp-content/uploads/2018/05/e69cace5ba97e8b2a9e594aee59586e59381logo-mix1-e15285535963978a23.jpg]
[slyesn.wordpress.com/wp-content/uploads/2017/05/916f8a0451eeddba61a9b13ff5d1dcbc2dff.jpg]
[slyesn.wordpress.com/wp-content/uploads/2017/05/4950fcac-6b44-45f5-b44a-9feef58b6cd374bc.jpg]
[slyesn.wordpress.com/wp-content/uploads/2019/02/cropped-50663847_604785506620357_4668497161464315904_nae05.jpg]
[slyesn.wordpress.com/2017/05/26/colourpop大回饋，全部85折/index.html]
[slyesn.wordpress.com/2017/05/26/sigma這周末打折拉/index.html]
[slyesn.wordpress.com/wp-content/plugins/ie-sitemode/custom-jumplist.php]
[slyesn.wordpress.com/index.html]
[slyesn.wordpress.com/wp-content/js/bilmur.minb5d4.js]
[slyesn.wordpress.com/2018/06/09/購物網站折扣碼/feed/index.html]
[slyesn.wordpress.com/2018/06/09/購物網站折扣碼/index.html]
[slyesn.wordpress.com/category/uncategorized/index.html]
[slyesn.wordpress.com/2019/02/10/unboxing/index.html]
[slyesn.wordpress.com/2019/02/10/unboxing/feed/index.html]
[slyesn.wordpress.com/簡介/index.html]
[slyesn.wordpress.com/wp-content/uploads/2024/09/image-12dff.png]
[slyesn.wordpress.com/聯絡/index.html]
[slyesn.wordpress.com/wp-content/uploads/2019/03/115427_blac_22289.jpg]
[slyesn.wordpress.com/wp-content/uploads/2019/03/115427_gren_22289.jpg]
[slyesn.wordpress.com/2019/03/03/stussy-新品上架/feed/index.html]
[slyesn.wordpress.com/wp-content/uploads/2019/03/115428_leop_12289.jpg]
[slyesn.wordpress.com/wp-content/uploads/2019/03/115439_grey_12289.jpg]
[slyesn.wordpress.com/wp-content/uploads/2019/03/115439_navy_12289.jpg]
[slyesn.wordpress.com/wp-content/uploads/2019/03/116371_blac_12289.jpg]
[slyesn.wordpress.com/wp-content/uploads/2019/03/116375_blac_12289.jpg]
[slyesn.wordpress.com/wp-content/uploads/2019/03/118314_tied_12289.jpg]
[slyesn.wordpress.com/wp-content/uploads/2019/03/118320_ashh_12289.jpg]
[slyesn.wordpress.com/wp-content/uploads/2019/03/118320_blac_1-12289.jpg]
[slyesn.wordpress.com/wp-content/uploads/2019/03/1110028_navy_12289.jpg]
[slyesn.wordpress.com/wp-content/uploads/2019/03/1140120_khak_1_12289.jpg]
[slyesn.wordpress.com/wp-content/uploads/2019/03/1140120_khak_2_12289.jpg]
[slyesn.wordpress.com/wp-content/uploads/2019/03/1140133_blac_12289.jpg]
[slyesn.wordpress.com/wp-content/uploads/2019/03/1140133_blac_22289.jpg]
[slyesn.wordpress.com/wp-content/uploads/2019/03/112227_redd_12289.jpg]
[slyesn.wordpress.com/wp-content/uploads/2019/03/112232_blac_12289.jpg]
[slyesn.wordpress.com/wp-content/uploads/2019/03/112232_purp_12289.jpg]
[slyesn.wordpress.com/2019/03/03/stussy-新品上架/index.html]
[slyesn.wordpress.com/author/slyesn/index.html]
[slyesn.wordpress.com/author/slyesn/feed/index.html]
[slyesn.wordpress.com/2017/05/26/colourpop大回饋，全部85折/index.html]
[slyesn.wordpress.com/2017/05/26/colourpop大回饋，全部85折/feed/index.html]
[slyesn.wordpress.com/2017/05/26/sigma這周末打折拉/index.html]
[slyesn.wordpress.com/xmlrpc.php]
[slyesn.wordpress.com/2018/06/09/購物網站折扣碼/index9a7b.html]
[slyesn.wordpress.com/2018/06/09/購物網站折扣碼/index5a58.html]
[slyesn.wordpress.com/2017/05/26/sigma這周末打折拉/feed/index.html]
[slyesn.wordpress.com/category/uncategorized/index.html]
[slyesn.wordpress.com/2019/02/10/unboxing/index9a7b.html]
[slyesn.wordpress.com/2019/02/10/unboxing/index5a58.html]
[slyesn.wordpress.com/2019/03/03/stussy-新品上架/index9a7b.html]
[slyesn.wordpress.com/2019/03/03/stussy-新品上架/index5a58.html]
[slyesn.wordpress.com/2017/05/26/colourpop大回饋，全部85折/index9a7b.html]
[slyesn.wordpress.com/2017/05/26/colourpop大回饋，全部85折/index5a58.html]
[slyesn.wordpress.com/2017/05/26/sigma這周末打折拉/index9a7b.html]
[slyesn.wordpress.com/2017/05/26/sigma這周末打折拉/index5a58.html]
[slyesn.wordpress.com/category/uncategorized/feed/index.html]
